// Jest Snapshot v1, https://goo.gl/fbAQLP

exports[`Home Component Test Create SnapShot 1`] = `
<div
  className="MuiContainer-root MuiContainer-maxWidthMd css-1n2gf07-MuiContainer-root"
>
  <div
    className="MuiBox-root css-10xrxdt"
  >
    <div
      className="MuiFormControl-root MuiTextField-root css-1u3bzj6-MuiFormControl-root-MuiTextField-root"
      data-testid="inputfield"
    >
      <div
        className="MuiOutlinedInput-root MuiInputBase-root MuiInputBase-colorSecondary MuiInputBase-formControl css-hjtp1-MuiInputBase-root-MuiOutlinedInput-root"
        onClick={[Function]}
      >
        <input
          aria-invalid={false}
          autoFocus={false}
          className="MuiOutlinedInput-input MuiInputBase-input css-1t8l2tu-MuiInputBase-input-MuiOutlinedInput-input"
          disabled={false}
          onAnimationStart={[Function]}
          onBlur={[Function]}
          onChange={[Function]}
          onFocus={[Function]}
          required={false}
          type="number"
        />
        <fieldset
          aria-hidden={true}
          className="MuiOutlinedInput-notchedOutline css-1d3z3hw-MuiOutlinedInput-notchedOutline"
        >
          <legend
            className="css-nnbavb"
          >
            <span
              className="notranslate"
            >
              â€‹
            </span>
          </legend>
        </fieldset>
      </div>
    </div>
    <button
      className="MuiButton-root MuiButton-contained MuiButton-containedPrimary MuiButton-sizeMedium MuiButton-containedSizeMedium MuiButtonBase-root Mui-disabled  css-sghohy-MuiButtonBase-root-MuiButton-root"
      data-testid="searchButton"
      disabled={true}
      onBlur={[Function]}
      onClick={[Function]}
      onContextMenu={[Function]}
      onDragLeave={[Function]}
      onFocus={[Function]}
      onKeyDown={[Function]}
      onKeyUp={[Function]}
      onMouseDown={[Function]}
      onMouseLeave={[Function]}
      onMouseUp={[Function]}
      onTouchEnd={[Function]}
      onTouchMove={[Function]}
      onTouchStart={[Function]}
      tabIndex={-1}
      type="button"
    >
      Search
    </button>
  </div>
  <button
    className="MuiButton-root MuiButton-contained MuiButton-containedSecondary MuiButton-sizeMedium MuiButton-containedSizeMedium MuiButtonBase-root  css-zfu506-MuiButtonBase-root-MuiButton-root"
    data-testid="randomButton"
    disabled={false}
    onBlur={[Function]}
    onClick={[Function]}
    onContextMenu={[Function]}
    onDragLeave={[Function]}
    onFocus={[Function]}
    onKeyDown={[Function]}
    onKeyUp={[Function]}
    onMouseDown={[Function]}
    onMouseLeave={[Function]}
    onMouseUp={[Function]}
    onTouchEnd={[Function]}
    onTouchMove={[Function]}
    onTouchStart={[Function]}
    tabIndex={0}
    type="button"
  >
    Random Search
  </button>
</div>
`;
